C:\Users\julia\Documents\MCUXpressoIDE_11.7.1_9221\ECG_DigitalFilter\DSP_Proyecto_demo_apps_dac_adc\CMSIS/core_cm0plus.h:745:22:NVIC_EnableIRQ	16	static
C:\Users\julia\Documents\MCUXpressoIDE_11.7.1_9221\ECG_DigitalFilter\DSP_Proyecto_demo_apps_dac_adc\drivers/fsl_common.h:212:20:EnableIRQ	16	static
C:\Users\julia\Documents\MCUXpressoIDE_11.7.1_9221\ECG_DigitalFilter\DSP_Proyecto_demo_apps_dac_adc\drivers/fsl_adc16.h:382:20:ADC16_EnableHardwareTrigger	16	static
C:\Users\julia\Documents\MCUXpressoIDE_11.7.1_9221\ECG_DigitalFilter\DSP_Proyecto_demo_apps_dac_adc\drivers/fsl_adc16.h:500:24:ADC16_GetChannelConversionValue	16	static
C:\Users\julia\Documents\MCUXpressoIDE_11.7.1_9221\ECG_DigitalFilter\DSP_Proyecto_demo_apps_dac_adc\drivers/fsl_dac.h:210:20:DAC_Enable	16	static
../source/dac_adc.c:74:13:DAC_ADC_Init	24	static
../source/dac_adc.c:128:6:ADC0_IRQHandler	8	static
../source/dac_adc.c:143:5:main	8	static
